***********************************************************
***********************************************************

  This calculation was performed by OpenMX Ver. 4.0 GPU
  using 16 MPI processes and 1 OpenMP threads.

  Thu Jun  4 10:41:45 2026

***********************************************************
***********************************************************

#
# File Name
#

System.CurrrentDirectory         ./    # default=./
System.Name                      cdia
level.of.stdout                   1    # default=1 (1-3)
level.of.fileout                  0    # default=1 (0-2)
DATA.PATH                        ../../DFT_DATA19

#
# Definition of Atomic Species
#

Species.Number       1
<Definition.of.Atomic.Species
 C   C6.0-s2p2d1   C_PBE19
Definition.of.Atomic.Species>

#
# Atoms
#

Atoms.Number         2
Atoms.SpeciesAndCoordinates.Unit   Ang # Ang|AU
<Atoms.SpeciesAndCoordinates           
 1  C  0.000  0.000  0.000   2.0 2.0
 2  C  0.890  0.890  0.890   2.0 2.0
Atoms.SpeciesAndCoordinates>
Atoms.UnitVectors.Unit             Ang # Ang|AU
<Atoms.UnitVectors                     
   1.7800  1.7800  0.0000
   1.7800  0.0000  1.7800
   0.0000  1.7800  1.7800
Atoms.UnitVectors>

#
# SCF or Electronic System
#

scf.XcType                  GGA-PBE        # LDA|LSDA-CA|LSDA-PW|GGA-PBE
scf.SpinPolarization        off        # On|Off|NC
scf.ElectronicTemperature  300.0       # default=300 (K)
scf.energycutoff           150.0       # default=150 (Ry)
scf.maxIter                 100        # default=40
scf.EigenvalueSolver       band        # DC|GDC|Cluster|Band
scf.Kgrid                  2 2 2       # means n1 x n2 x n3
scf.Mixing.Type           rmm-diisk    # Simple|Rmm-Diis|Gr-Pulay|Kerker|Rmm-Diisk
scf.Init.Mixing.Weight     0.30        # default=0.30 
scf.Min.Mixing.Weight      0.001       # default=0.001 
scf.Max.Mixing.Weight      0.700       # default=0.40 
scf.Mixing.History          7          # default=5
scf.Mixing.StartPulay       5          # default=6
scf.criterion             1.0e-10      # default=1.0e-6 (Hartree) 
scf.eigen.lib              cusolver

#
# MD or Geometry Optimization
#

MD.Type                     nomd       # Nomd|Opt|NVE|NVT_VS|NVT_NH
MD.maxIter                    1        # default=1
MD.TimeStep                   1        # default=0.5 (fs)
MD.Opt.criterion         1.0e-5        # default=1.0e-4 (Hartree/bohr)

#
# Band dispersion 
#

Band.dispersion              on        # on|off, default=off
<Band.KPath.UnitCell
3.56  0.00  0.00
0.00  3.56  0.00
0.00  0.00  3.56
Band.KPath.UnitCell>
# if <Band.KPath.UnitCell does not exist,
#     the reciprical lattice vector is employed. 
Band.Nkpath                5
<Band.kpath                
   25  0.0 0.0 0.0   1.0 0.0 0.0   g X
   25  1.0 0.0 0.0   1.0 0.5 0.0   X W
   25  1.0 0.5 0.0   0.5 0.5 0.5   W L
   25  0.5 0.5 0.5   0.0 0.0 0.0   L g
   25  0.0 0.0 0.0   1.0 0.0 0.0   g X 
Band.kpath>

#
# MO output
#

MO.fileout                       off   # on|off
num.HOMOs                         1    # default=2
num.LUMOs                         1    # default=2
MO.Nkpoint                        2    # default=1 
<MO.kpoint
  0.0  0.0  0.0
  0.0  0.0  0.2
MO.kpoint>

#
# DOS and PDOS
#

Dos.fileout                  on        # on|off, default=off
Dos.Erange              -25.0  20.0    # default = -20 20 
Dos.Kgrid                12 12 12      # default = Kgrid1 Kgrid2 Kgrid3
FermiSurfer.fileout          on       


***********************************************************
***********************************************************

  Required cutoff energy (Ryd) for 3D-grids = 150.0000
      Used cutoff energy (Ryd) for 3D-grids = 147.1993, 147.1993, 147.1993
  Num. of grids of a-, b-, and c-axes = 15, 15, 15

  Num.Grid1.    15
  Num.Grid2.    15
  Num.Grid3.    15


  Cell_Volume =     76.117849485348 (Bohr^3)
  GridVol     =      0.022553436885 (Bohr^3)
  Cell vectors (bohr) of the grid cell (gtv)
    gtv_a =  0.224247483978,  0.224247483978,  0.000000000000
    gtv_b =  0.224247483978,  0.000000000000,  0.224247483978
    gtv_c =  0.000000000000,  0.224247483978,  0.224247483978
    |gtv_a| =  0.317133833170
    |gtv_b| =  0.317133833170
    |gtv_c| =  0.317133833170

***********************************************************
***********************************************************


***********************************************************
***********************************************************
                  SCF history at MD= 1                    
***********************************************************
***********************************************************

   SCF=   1  NormRD=  1.000000000000  Uele= -3.023495974683
   SCF=   2  NormRD=  0.609362902548  Uele= -3.023495974683
   SCF=   3  NormRD=  0.314462796733  Uele= -3.053652558786
   SCF=   4  NormRD=  0.107780353796  Uele= -3.063834790625
   SCF=   5  NormRD=  0.032060124195  Uele= -3.061913302602
   SCF=   6  NormRD=  0.000389804403  Uele= -3.058353263435
   SCF=   7  NormRD=  0.000038059591  Uele= -3.058366660927
   SCF=   8  NormRD=  0.000000698242  Uele= -3.058366415389
   SCF=   9  NormRD=  0.000000007849  Uele= -3.058366428140
   SCF=  10  NormRD=  0.000000001203  Uele= -3.058366427627
   SCF=  11  NormRD=  0.000000000048  Uele= -3.058366427565

*******************************************************
        Total energy (Hartree) at MD = 1        
*******************************************************

  Uele.         -3.058366427565

  Ukin.          9.004439620469
  UH0.        -345.716509366355
  UH1.           0.021565258029
  Una.          -5.942739953874
  Unl.          -1.329354246585
  Uxc0.         -1.987904299202
  Uxc1.         -1.987904299202
  Ucore.       336.379069197030
  Uhub.          0.000000000000
  Ucs.           0.000000000000
  Uzs.           0.000000000000
  Uzo.           0.000000000000
  Uef.           0.000000000000
  UvdW.          0.000000000000
  Uch.           0.000000000000
  Utot.        -11.559338089690

  UpV.           0.000000000000
  Enpy.        -11.559338089690
  Note:

  Utot = Ukin+UH0+UH1+Una+Unl+Uxc0+Uxc1+Ucore+Uhub+Ucs+Uzs+Uzo+Uef+UvdW+Uch

  Uele:   band energy
  Ukin:   kinetic energy
  UH0:    electric part of screened Coulomb energy
  UH1:    difference electron-electron Coulomb energy
  Una:    neutral atom potential energy
  Unl:    non-local potential energy
  Uxc0:   exchange-correlation energy for alpha spin
  Uxc1:   exchange-correlation energy for beta spin
  Ucore:  core-core Coulomb energy
  Uhub:   LDA+U energy
  Ucs:    constraint energy for spin orientation
  Uzs:    Zeeman term for spin magnetic moment
  Uzo:    Zeeman term for orbital magnetic moment
  Uef:    electric energy by electric field
  UvdW:   semi-empirical vdW energy
  Uch:    penalty term to create a core hole

  UpV:    pressure times volume
  Enpy:   Enthalpy = Utot + UpV
  (see also PRB 72, 045121(2005) for the energy contributions)



  Chemical potential (Hartree)       0.024948120117

***********************************************************
***********************************************************
           Eigenvalues (Hartree) of SCF KS-eq.           
***********************************************************
***********************************************************

   Chemical Potential (Hartree) =   0.02494812011719
   Number of States             =   8.00000000000000
   Eigenvalues
              Up-spin           Down-spin

   kloop=0
   k1=   0.00000 k2=  -0.00000 k3=   0.00000

    1   -0.86019954506977  -0.86019954506977
    2   -0.06361723424830  -0.06361723424830
    3   -0.06361723384558  -0.06361723384558
    4   -0.06356260917007  -0.06356260917007
    5    0.14273065721438   0.14273065721438
    6    0.14273065810994   0.14273065810994
    7    0.14276252978227   0.14276252978227
    8    0.45666843197170   0.45666843197170
    9    0.93063452566054   0.93063452566054
   10    0.93063452688926   0.93063452688926
   11    0.97048283191443   0.97048283191443
   12    1.35464476260738   1.35464476260738
   13    1.35464506824768   1.35464506824768
   14    1.35464507099115   1.35464507099115
   15    1.83113222957374   1.83113222957374
   16    1.83114425104650   1.83114425104650
   17    1.83114425208136   1.83114425208136
   18    2.77853329344275   2.77853329344275
   19    2.77853330627157   2.77853330627157
   20    4.49240868583835   4.49240868583835
   21    4.49296837708607   4.49296837708607
   22    4.49296844461693   4.49296844461693
   23    6.45432232330136   6.45432232330136
   24    6.45432234645685   6.45432234645685
   25    6.45530165969510   6.45530165969510
   26    7.07108531721293   7.07108531721293

   kloop=1
   k1=   0.00000 k2=  -0.00000 k3=   0.50000

    1   -0.64550126354654  -0.64550126354654
    2   -0.56178011652498  -0.56178011652498
    3   -0.16781286958623  -0.16781286958623
    4   -0.16776883765380  -0.16776883765380
    5    0.25085287350136   0.25085287350136
    6    0.25087923312388   0.25087923312388
    7    0.26913200529965   0.26913200529965
    8    0.58499109085573   0.58499109085573
    9    0.79038521095975   0.79038521095975
   10    1.01378562614974   1.01378562614974
   11    1.01381400463614   1.01381400463614
   12    1.26174889777526   1.26174889777526
   13    1.26178645549119   1.26178645549119
   14    1.35044456057880   1.35044456057880
   15    2.04813642085568   2.04813642085568
   16    2.14351008083831   2.14351008083831
   17    2.22262567713181   2.22262567713181
   18    2.22283305399934   2.22283305399934
   19    2.30663893586824   2.30663893586824
   20    2.30666429603580   2.30666429603580
   21    3.25601697003594   3.25601697003594
   22    3.25619101632644   3.25619101632644
   23    4.08052629157590   4.08052629157590
   24    4.08085228912437   4.08085228912437
   25    4.57687410452804   4.57687410452804
   26    6.79515184698836   6.79515184698836

   kloop=2
   k1=   0.00000 k2=   0.50000 k3=   0.00000

    1   -0.64550126354661  -0.64550126354661
    2   -0.56178011652494  -0.56178011652494
    3   -0.16781286958613  -0.16781286958613
    4   -0.16776883765388  -0.16776883765388
    5    0.25085287350139   0.25085287350139
    6    0.25087923312389   0.25087923312389
    7    0.26913200529968   0.26913200529968
    8    0.58499109085857   0.58499109085857
    9    0.79038521095929   0.79038521095929
   10    1.01378562615064   1.01378562615064
   11    1.01381400463562   1.01381400463562
   12    1.26174889777590   1.26174889777590
   13    1.26178645548636   1.26178645548636
   14    1.35044456058569   1.35044456058569
   15    2.04813642099926   2.04813642099926
   16    2.14351008079803   2.14351008079803
   17    2.22262567715942   2.22262567715942
   18    2.22283305399637   2.22283305399637
   19    2.30663893587974   2.30663893587974
   20    2.30666429603864   2.30666429603864
   21    3.25601696984524   3.25601696984524
   22    3.25619101646142   3.25619101646142
   23    4.08052629198766   4.08052629198766
   24    4.08085228997166   4.08085228997166
   25    4.57687410559617   4.57687410559617
   26    6.79515184490649   6.79515184490649

   kloop=3
   k1=   0.00000 k2=   0.50000 k3=   0.50000

    1   -0.53711592311888  -0.53711592311888
    2   -0.53709786680561  -0.53709786680561
    3   -0.29807517831983  -0.29807517831983
    4   -0.29804678628240  -0.29804678628240
    5    0.11607649564270   0.11607649564270
    6    0.11609092591019   0.11609092591019
    7    0.56648823586679   0.56648823586679
    8    0.56651221228261   0.56651221228261
    9    0.84933043199310   0.84933043199310
   10    0.84935076843943   0.84935076843943
   11    1.25996724135838   1.25996724135838
   12    1.25997229583661   1.25997229583661
   13    1.48006635874292   1.48006635874292
   14    1.48006865311128   1.48006865311128
   15    2.07437723239491   2.07437723239491
   16    2.07445098968188   2.07445098968188
   17    2.20976510151756   2.20976510151756
   18    2.20983249146086   2.20983249146086
   19    2.22581028879827   2.22581028879827
   20    2.22595605309506   2.22595605309506
   21    2.64286376035105   2.64286376035105
   22    2.64305476982476   2.64305476982476
   23    7.55591658571519   7.55591658571519
   24    7.55705585370871   7.55705585370871
   25    7.78349905676196   7.78349905676196
   26    7.78454915866127   7.78454915866127

   kloop=4
   k1=   0.50000 k2=  -0.00000 k3=   0.00000

    1   -0.64550126365357  -0.64550126365357
    2   -0.56178011635597  -0.56178011635597
    3   -0.16781287072124  -0.16781287072124
    4   -0.16776883684106  -0.16776883684106
    5    0.25085286974679   0.25085286974679
    6    0.25087923744069   0.25087923744069
    7    0.26913200526982   0.26913200526982
    8    0.58499109090203   0.58499109090203
    9    0.79038521098948   0.79038521098948
   10    1.01378564214387   1.01378564214387
   11    1.01381398777928   1.01381398777928
   12    1.26174890530564   1.26174890530564
   13    1.26178644763471   1.26178644763471
   14    1.35044456061898   1.35044456061898
   15    2.04813642086789   2.04813642086789
   16    2.14351008090936   2.14351008090936
   17    2.22262571754841   2.22262571754841
   18    2.22283300976538   2.22283300976538
   19    2.30663895904626   2.30663895904626
   20    2.30666427161211   2.30666427161211
   21    3.25601713938387   3.25601713938387
   22    3.25619085239660   3.25619085239660
   23    4.08052616009810   4.08052616009810
   24    4.08085242130142   4.08085242130142
   25    4.57687410513337   4.57687410513337
   26    6.79515184611158   6.79515184611158

   kloop=5
   k1=   0.50000 k2=  -0.00000 k3=   0.50000

    1   -0.53711592336214  -0.53711592336214
    2   -0.53709786744446  -0.53709786744446
    3   -0.29807517827580  -0.29807517827580
    4   -0.29804678633903  -0.29804678633903
    5    0.11607649257942   0.11607649257942
    6    0.11609092288324   0.11609092288324
    7    0.56648823693082   0.56648823693082
    8    0.56651221334165   0.56651221334165
    9    0.84933043461364   0.84933043461364
   10    0.84935077093149   0.84935077093149
   11    1.25996724194993   1.25996724194993
   12    1.25997229650141   1.25997229650141
   13    1.48006635623456   1.48006635623456
   14    1.48006865176452   1.48006865176452
   15    2.07437723520798   2.07437723520798
   16    2.07445099246316   2.07445099246316
   17    2.20976509695384   2.20976509695384
   18    2.20983248681209   2.20983248681209
   19    2.22581047831580   2.22581047831580
   20    2.22595624375020   2.22595624375020
   21    2.64286369454538   2.64286369454538
   22    2.64305470633950   2.64305470633950
   23    7.55591687286828   7.55591687286828
   24    7.55705614378660   7.55705614378660
   25    7.78349934512683   7.78349934512683
   26    7.78454945717077   7.78454945717077

   kloop=6
   k1=   0.50000 k2=   0.50000 k3=   0.00000

    1   -0.53711592336331  -0.53711592336331
    2   -0.53709786744363  -0.53709786744363
    3   -0.29807517827587  -0.29807517827587
    4   -0.29804678633906  -0.29804678633906
    5    0.11607649258726   0.11607649258726
    6    0.11609092287537   0.11609092287537
    7    0.56648823693161   0.56648823693161
    8    0.56651221334055   0.56651221334055
    9    0.84933043462647   0.84933043462647
   10    0.84935077091837   0.84935077091837
   11    1.25996724195242   1.25996724195242
   12    1.25997229650202   1.25997229650202
   13    1.48006635623685   1.48006635623685
   14    1.48006865176190   1.48006865176190
   15    2.07437723522011   2.07437723522011
   16    2.07445099246557   2.07445099246557
   17    2.20976509695830   2.20976509695830
   18    2.20983248680803   2.20983248680803
   19    2.22581047826581   2.22581047826581
   20    2.22595624378220   2.22595624378220
   21    2.64286369455335   2.64286369455335
   22    2.64305470635236   2.64305470635236
   23    7.55591687067017   7.55591687067017
   24    7.55705614512829   7.55705614512829
   25    7.78349935004514   7.78349935004514
   26    7.78454944968222   7.78454944968222

   kloop=7
   k1=   0.50000 k2=   0.50000 k3=   0.50000

    1   -0.64550237960661  -0.64550237960661
    2   -0.56175637469322  -0.56175637469322
    3   -0.16780690366387  -0.16780690366387
    4   -0.16780690239874  -0.16780690239874
    5    0.25085626381602   0.25085626381602
    6    0.25085626947723   0.25085626947723
    7    0.26916718387122   0.26916718387122
    8    0.58505902066417   0.58505902066417
    9    0.79045718392705   0.79045718392705
   10    1.01374880301980   1.01374880301980
   11    1.01374882646536   1.01374882646536
   12    1.26172141851284   1.26172141851284
   13    1.26172143002307   1.26172143002307
   14    1.35047255861147   1.35047255861147
   15    2.04781527612083   2.04781527612083
   16    2.14358600310059   2.14358600310059
   17    2.22245194275642   2.22245194275642
   18    2.22245199732701   2.22245199732701
   19    2.30665389558864   2.30665389558864
   20    2.30665392478726   2.30665392478726
   21    3.25629659698641   3.25629659698641
   22    3.25629681942721   3.25629681942721
   23    4.08084734320600   4.08084734320600
   24    4.08084751880510   4.08084751880510
   25    4.57655879943199   4.57655879943199
   26    6.79599305845552   6.79599305845552

***********************************************************
***********************************************************
                   Mulliken populations                    
***********************************************************
***********************************************************

  Total spin moment (muB)   0.000000000

                    Up spin      Down spin     Sum           Diff
      1    C      2.000000000  2.000000000   4.000000000   0.000000000
      2    C      2.000000000  2.000000000   4.000000000   0.000000000

 Sum of MulP: up   =     4.00000 down          =     4.00000
              total=     8.00000 ideal(neutral)=     8.00000


  Decomposed Mulliken populations

    1    C          Up spin      Down spin     Sum           Diff
            multiple
  s           0    0.440419487  0.440419487   0.880838973   0.000000000
   sum over m      0.440419487  0.440419487   0.880838973   0.000000000
  s           1    0.021302083  0.021302083   0.042604166   0.000000000
   sum over m      0.021302083  0.021302083   0.042604166   0.000000000
   sum over m+mul  0.461721570  0.461721570   0.923443139   0.000000000
  px          0    0.478545066  0.478545066   0.957090132   0.000000000
  py          0    0.478545066  0.478545066   0.957090132   0.000000000
  pz          0    0.478545068  0.478545068   0.957090137   0.000000000
   sum over m      1.435635200  1.435635200   2.871270401   0.000000000
  px          1    0.015064302  0.015064302   0.030128604   0.000000000
  py          1    0.015064302  0.015064302   0.030128604   0.000000000
  pz          1    0.015064303  0.015064303   0.030128607   0.000000000
   sum over m      0.045192907  0.045192907   0.090385815   0.000000000
   sum over m+mul  1.480828108  1.480828108   2.961656216   0.000000000
  d3z^2-r^2   0    0.007297792  0.007297792   0.014595583   0.000000000
  dx^2-y^2    0    0.007297794  0.007297794   0.014595588   0.000000000
  dxy         0    0.014284912  0.014284912   0.028569824   0.000000000
  dxz         0    0.014284912  0.014284912   0.028569825   0.000000000
  dyz         0    0.014284912  0.014284912   0.028569825   0.000000000
   sum over m      0.057450323  0.057450323   0.114900645   0.000000000
   sum over m+mul  0.057450323  0.057450323   0.114900645   0.000000000

    2    C          Up spin      Down spin     Sum           Diff
            multiple
  s           0    0.440419487  0.440419487   0.880838973   0.000000000
   sum over m      0.440419487  0.440419487   0.880838973   0.000000000
  s           1    0.021302083  0.021302083   0.042604166   0.000000000
   sum over m      0.021302083  0.021302083   0.042604166   0.000000000
   sum over m+mul  0.461721570  0.461721570   0.923443139   0.000000000
  px          0    0.478545066  0.478545066   0.957090132   0.000000000
  py          0    0.478545066  0.478545066   0.957090132   0.000000000
  pz          0    0.478545068  0.478545068   0.957090137   0.000000000
   sum over m      1.435635200  1.435635200   2.871270401   0.000000000
  px          1    0.015064302  0.015064302   0.030128604   0.000000000
  py          1    0.015064302  0.015064302   0.030128604   0.000000000
  pz          1    0.015064303  0.015064303   0.030128607   0.000000000
   sum over m      0.045192907  0.045192907   0.090385815   0.000000000
   sum over m+mul  1.480828108  1.480828108   2.961656216   0.000000000
  d3z^2-r^2   0    0.007297792  0.007297792   0.014595583   0.000000000
  dx^2-y^2    0    0.007297794  0.007297794   0.014595588   0.000000000
  dxy         0    0.014284912  0.014284912   0.028569824   0.000000000
  dxz         0    0.014284912  0.014284912   0.028569825   0.000000000
  dyz         0    0.014284912  0.014284912   0.028569825   0.000000000
   sum over m      0.057450323  0.057450323   0.114900645   0.000000000
   sum over m+mul  0.057450323  0.057450323   0.114900645   0.000000000

***********************************************************
***********************************************************
                    Dipole moment (Debye)                  
***********************************************************
***********************************************************

 Absolute D        0.00000209

                      Dx                Dy                Dz
 Total              0.00000121        0.00000121        0.00000121
 Core              17.09941620       17.09941620       17.09941620
 Electron         -17.09941500      -17.09941500      -17.09941500
 Back ground       -0.00000000       -0.00000000       -0.00000000

***********************************************************
***********************************************************
       xyz-coordinates (Ang) and forces (Hartree/Bohr)  
***********************************************************
***********************************************************

<coordinates.forces
  2
    1     C     0.00000   0.00000   0.00000   0.000120398012  0.000120398012  0.000120397856
    2     C     0.89000   0.89000   0.89000  -0.000120398012 -0.000120398013 -0.000120397856
coordinates.forces>

***********************************************************
***********************************************************
       Fractional coordinates of the final structure       
***********************************************************
***********************************************************

     1      C     0.00000000000000   0.00000000000000   0.00000000000000
     2      C     0.25000000000000   0.25000000000000   0.25000000000000

***********************************************************
***********************************************************
               Computational Time (second)                 
***********************************************************
***********************************************************

   Elapsed.Time.        20.214

                               Min_ID   Min_Time       Max_ID   Max_Time
   Total Computational Time =    11       20.166          0       20.214
   readfile                 =    11        2.497          0        2.497
   truncation               =     5        0.385          1        0.412
   MD_pac                   =     0        0.000          2        0.000
   OutData                  =     1        0.000          0        0.048
   HWF                      =     0        0.000          0        0.000
   DFT                      =     1       17.256          5       17.283

*** In DFT ***

   Set_OLP_Kin              =     4        0.062          1        0.548
   Set_Nonlocal             =     1        2.412          4        2.899
   Set_ProExpn_VNA          =     4        1.524          0        5.617
   Set_Hamiltonian          =     4        0.406          9        0.406
   Poisson                  =    14        0.003          1        0.003
   Diagonalization          =     0        0.036         13        0.044
   Mixing_DM                =     2        0.004         13        0.004
   Force                    =     0        6.744          7        6.744
   Total_Energy             =     9        0.636          0        0.636
   Set_Aden_Grid            =     0        0.003          4        4.096
   Set_Orbitals_Grid        =     2        0.000          0        0.098
   Set_Density_Grid         =     5        0.462          1        0.462
   RestartFileDFT           =     0        0.001          3        0.005
   Mulliken_Charge          =     3        0.001         10        0.001
   FFT(2D)_Density          =    15        0.006          0        0.006
   Others                   =     1        0.271          6        0.399
